// Jest Snapshot v1, https://goo.gl/fbAQLP

exports[`Button displays hi 2`] = `
<div>
  <button
    class="eb-bg-green-500 hover:eb-bg-green-700 eb-text-white eb-font-bold eb-py-2 eb-px-4 eb-rounded"
  >
    Hi
  </button>
</div>
`;
